<html>
<body>
<pre>
<h1>µVision Build Log</h1>
<h2>Tool Versions:</h2>
IDE-Version: µVision V5.25.2.0
Copyright (C) 2018 ARM Ltd and ARM Germany GmbH. All rights reserved.
License Information: Alex Stangl, St. Cloud State University Student, LIC=----
 
Tool Versions:
Toolchain:       MDK-Lite  Version: 5.25.2.0
Toolchain Path:  C:\Keil_v5\ARM\ARMCC\Bin
C Compiler:      Armcc.exe V5.06 update 6 (build 750)
Assembler:       Armasm.exe V5.06 update 6 (build 750)
Linker/Locator:  ArmLink.exe V5.06 update 6 (build 750)
Library Manager: ArmAr.exe V5.06 update 6 (build 750)
Hex Converter:   FromElf.exe V5.06 update 6 (build 750)
CPU DLL:         SARMCM3.DLL V5.25.2.0
Dialog DLL:      DARMP1.DLL V1.27.0.0
Target DLL:      UL2CM3.DLL V1.160.12.0
Dialog DLL:      TARMP1.DLL V1.26.0.0
 
<h2>Project:</h2>
F:\Research\ESD\ESD MICROP.uvproj
Project File Date:  03/29/2019

<h2>Output:</h2>
*** Using Compiler 'V5.06 update 6 (build 750)', folder: 'C:\Keil_v5\ARM\ARMCC\Bin'
Build target 'Target 1'
compiling timer_init.c...
timer_init.h(1): warning:  #1295-D: Deprecated declaration init_timer0_16bit - give arg types
  void init_timer0_16bit();
timer_init.h(2): warning:  #1295-D: Deprecated declaration start_timer0_16bit - give arg types
  void start_timer0_16bit();
timer_init.h(3): warning:  #1295-D: Deprecated declaration init_timer1_16bit - give arg types
  void init_timer1_16bit();
timer_init.h(4): warning:  #1295-D: Deprecated declaration start_timer1_16bit - give arg types
  void start_timer1_16bit();
timer_init.c: 4 warnings, 0 errors
linking...
Program Size: Code=576 RO-data=224 RW-data=12 ZI-data=612  
".\Objects\ESD MICROP.axf" - 0 Error(s), 4 Warning(s).
Build Time Elapsed:  00:00:01
</pre>
</body>
</html>
